// Jest Snapshot v1, https://goo.gl/fbAQLP

exports[`should allow specifying metadata 63`] = `
Array [
  Object {
    "contents": null,
    "name": "favicon-16x16.png",
  },
  Object {
    "contents": null,
    "name": "favicon-32x32.png",
  },
  Object {
    "contents": null,
    "name": "favicon-48x48.png",
  },
  Object {
    "contents": null,
    "name": "favicon.ico",
  },
  Object {
    "contents": null,
    "name": "android-chrome-36x36.png",
  },
  Object {
    "contents": null,
    "name": "android-chrome-48x48.png",
  },
  Object {
    "contents": null,
    "name": "android-chrome-72x72.png",
  },
  Object {
    "contents": null,
    "name": "android-chrome-96x96.png",
  },
  Object {
    "contents": null,
    "name": "android-chrome-144x144.png",
  },
  Object {
    "contents": null,
    "name": "android-chrome-192x192.png",
  },
  Object {
    "contents": null,
    "name": "android-chrome-256x256.png",
  },
  Object {
    "contents": null,
    "name": "android-chrome-384x384.png",
  },
  Object {
    "contents": null,
    "name": "android-chrome-512x512.png",
  },
  Object {
    "contents": null,
    "name": "apple-touch-icon-57x57.png",
  },
  Object {
    "contents": null,
    "name": "apple-touch-icon-60x60.png",
  },
  Object {
    "contents": null,
    "name": "apple-touch-icon-72x72.png",
  },
  Object {
    "contents": null,
    "name": "apple-touch-icon-76x76.png",
  },
  Object {
    "contents": null,
    "name": "apple-touch-icon-114x114.png",
  },
  Object {
    "contents": null,
    "name": "apple-touch-icon-120x120.png",
  },
  Object {
    "contents": null,
    "name": "apple-touch-icon-144x144.png",
  },
  Object {
    "contents": null,
    "name": "apple-touch-icon-152x152.png",
  },
  Object {
    "contents": null,
    "name": "apple-touch-icon-167x167.png",
  },
  Object {
    "contents": null,
    "name": "apple-touch-icon-180x180.png",
  },
  Object {
    "contents": null,
    "name": "apple-touch-icon-1024x1024.png",
  },
  Object {
    "contents": null,
    "name": "apple-touch-icon.png",
  },
  Object {
    "contents": null,
    "name": "apple-touch-icon-precomposed.png",
  },
  Object {
    "contents": null,
    "name": "apple-touch-startup-image-640x1136.png",
  },
  Object {
    "contents": null,
    "name": "apple-touch-startup-image-750x1334.png",
  },
  Object {
    "contents": null,
    "name": "apple-touch-startup-image-828x1792.png",
  },
  Object {
    "contents": null,
    "name": "apple-touch-startup-image-1125x2436.png",
  },
  Object {
    "contents": null,
    "name": "apple-touch-startup-image-1242x2208.png",
  },
  Object {
    "contents": null,
    "name": "apple-touch-startup-image-1242x2688.png",
  },
  Object {
    "contents": null,
    "name": "apple-touch-startup-image-1536x2048.png",
  },
  Object {
    "contents": null,
    "name": "apple-touch-startup-image-1668x2224.png",
  },
  Object {
    "contents": null,
    "name": "apple-touch-startup-image-1668x2388.png",
  },
  Object {
    "contents": null,
    "name": "apple-touch-startup-image-2048x2732.png",
  },
  Object {
    "contents": null,
    "name": "apple-touch-startup-image-1136x640.png",
  },
  Object {
    "contents": null,
    "name": "apple-touch-startup-image-2160x1620.png",
  },
  Object {
    "contents": null,
    "name": "apple-touch-startup-image-1620x2160.png",
  },
  Object {
    "contents": null,
    "name": "apple-touch-startup-image-1334x750.png",
  },
  Object {
    "contents": null,
    "name": "apple-touch-startup-image-1792x828.png",
  },
  Object {
    "contents": null,
    "name": "apple-touch-startup-image-2436x1125.png",
  },
  Object {
    "contents": null,
    "name": "apple-touch-startup-image-2208x1242.png",
  },
  Object {
    "contents": null,
    "name": "apple-touch-startup-image-2688x1242.png",
  },
  Object {
    "contents": null,
    "name": "apple-touch-startup-image-2048x1536.png",
  },
  Object {
    "contents": null,
    "name": "apple-touch-startup-image-2224x1668.png",
  },
  Object {
    "contents": null,
    "name": "apple-touch-startup-image-2388x1668.png",
  },
  Object {
    "contents": null,
    "name": "apple-touch-startup-image-2732x2048.png",
  },
  Object {
    "contents": null,
    "name": "coast-228x228.png",
  },
  Object {
    "contents": null,
    "name": "firefox_app_60x60.png",
  },
  Object {
    "contents": null,
    "name": "firefox_app_128x128.png",
  },
  Object {
    "contents": null,
    "name": "firefox_app_512x512.png",
  },
  Object {
    "contents": null,
    "name": "mstile-70x70.png",
  },
  Object {
    "contents": null,
    "name": "mstile-144x144.png",
  },
  Object {
    "contents": null,
    "name": "mstile-150x150.png",
  },
  Object {
    "contents": null,
    "name": "mstile-310x150.png",
  },
  Object {
    "contents": null,
    "name": "mstile-310x310.png",
  },
  Object {
    "contents": null,
    "name": "yandex-browser-50x50.png",
  },
]
`;
