// Jest Snapshot v1, https://goo.gl/fbAQLP

exports[`should allow configuring 'overlayShadow' 10`] = `
Array [
  Object {
    "contents": null,
    "name": "android-chrome-36x36.png",
  },
  Object {
    "contents": null,
    "name": "android-chrome-48x48.png",
  },
  Object {
    "contents": null,
    "name": "android-chrome-72x72.png",
  },
  Object {
    "contents": null,
    "name": "android-chrome-96x96.png",
  },
  Object {
    "contents": null,
    "name": "android-chrome-144x144.png",
  },
  Object {
    "contents": null,
    "name": "android-chrome-192x192.png",
  },
  Object {
    "contents": null,
    "name": "android-chrome-256x256.png",
  },
  Object {
    "contents": null,
    "name": "android-chrome-384x384.png",
  },
  Object {
    "contents": null,
    "name": "android-chrome-512x512.png",
  },
]
`;
