// Jest Snapshot v1, https://goo.gl/fbAQLP

exports[`should generate favicons of a given size 4`] = `
{
  "files": [],
  "html": [
    "<link rel="icon" type="image/x-icon" href="/favicon.ico">",
    "<link rel="icon" type="image/png" sizes="48x48" href="/favicon-48x48.png">",
  ],
  "htmlTags": [
    FaviconHtmlTag {
      "attrs": {
        "href": "/favicon.ico",
        "rel": "icon",
        "type": "image/x-icon",
      },
      "tag": "link",
    },
    FaviconHtmlTag {
      "attrs": {
        "href": "/favicon-48x48.png",
        "rel": "icon",
        "sizes": "48x48",
        "type": "image/png",
      },
      "tag": "link",
    },
  ],
  "images": [
    {
      "contents": null,
      "name": "favicon.ico",
    },
    {
      "contents": null,
      "name": "favicon-48x48.png",
    },
  ],
}
`;
