// Jest Snapshot v1, https://goo.gl/fbAQLP

exports[`should generate favicons of a given size 4`] = `
{
  "files": [],
  "html": [
    "<link rel="icon" type="image/x-icon" href="/favicon.ico">",
    "<link rel="icon" type="image/png" sizes="48x48" href="/favicon-48x48.png">",
  ],
  "images": [
    {
      "contents": null,
      "name": "favicon.ico",
    },
    {
      "contents": null,
      "name": "favicon-48x48.png",
    },
  ],
}
`;
