// Jest Snapshot v1, https://goo.gl/fbAQLP

exports[`should allow to restrict the icons to generate and configure them simultaneously 3`] = `
{
  "files": [],
  "html": [
    "<link rel="apple-touch-icon" sizes="60x60" href="/apple-touch-icon-60x60.png">",
    "<link rel="apple-touch-icon" sizes="76x76" href="/apple-touch-icon-76x76.png">",
    "<meta name="apple-mobile-web-app-capable" content="yes">",
    "<meta name="apple-mobile-web-app-status-bar-style" content="black-translucent">",
    "<meta name="apple-mobile-web-app-title">",
  ],
  "htmlTags": [
    FaviconHtmlTag {
      "attrs": {
        "href": "/apple-touch-icon-60x60.png",
        "rel": "apple-touch-icon",
        "sizes": "60x60",
      },
      "tag": "link",
    },
    FaviconHtmlTag {
      "attrs": {
        "href": "/apple-touch-icon-76x76.png",
        "rel": "apple-touch-icon",
        "sizes": "76x76",
      },
      "tag": "link",
    },
    FaviconHtmlTag {
      "attrs": {
        "content": "yes",
        "name": "apple-mobile-web-app-capable",
      },
      "tag": "meta",
    },
    FaviconHtmlTag {
      "attrs": {
        "content": "black-translucent",
        "name": "apple-mobile-web-app-status-bar-style",
      },
      "tag": "meta",
    },
    FaviconHtmlTag {
      "attrs": {
        "name": "apple-mobile-web-app-title",
      },
      "tag": "meta",
    },
  ],
  "images": [
    {
      "contents": null,
      "name": "apple-touch-icon-60x60.png",
    },
    {
      "contents": null,
      "name": "apple-touch-icon-76x76.png",
    },
  ],
}
`;
