// Jest Snapshot v1, https://goo.gl/fbAQLP

exports[`should provide stream interface 63`] = `
Object {
  "files": Array [
    Object {
      "contents": Object {
        "data": Array [
          123,
          10,
          32,
          32,
          34,
          110,
          97,
          109,
          101,
          34,
          58,
          32,
          110,
          117,
          108,
          108,
          44,
          10,
          32,
          32,
          34,
          115,
          104,
          111,
          114,
          116,
          95,
          110,
          97,
          109,
          101,
          34,
          58,
          32,
          110,
          117,
          108,
          108,
          44,
          10,
          32,
          32,
          34,
          100,
          101,
          115,
          99,
          114,
          105,
          112,
          116,
          105,
          111,
          110,
          34,
          58,
          32,
          110,
          117,
          108,
          108,
          44,
          10,
          32,
          32,
          34,
          100,
          105,
          114,
          34,
          58,
          32,
          34,
          97,
          117,
          116,
          111,
          34,
          44,
          10,
          32,
          32,
          34,
          108,
          97,
          110,
          103,
          34,
          58,
          32,
          34,
          101,
          110,
          45,
          85,
          83,
          34,
          44,
          10,
          32,
          32,
          34,
          100,
          105,
          115,
          112,
          108,
          97,
          121,
          34,
          58,
          32,
          34,
          115,
          116,
          97,
          110,
          100,
          97,
          108,
          111,
          110,
          101,
          34,
          44,
          10,
          32,
          32,
          34,
          111,
          114,
          105,
          101,
          110,
          116,
          97,
          116,
          105,
          111,
          110,
          34,
          58,
          32,
          34,
          97,
          110,
          121,
          34,
          44,
          10,
          32,
          32,
          34,
          115,
          116,
          97,
          114,
          116,
          95,
          117,
          114,
          108,
          34,
          58,
          32,
          34,
          47,
          63,
          104,
          111,
          109,
          101,
          115,
          99,
          114,
          101,
          101,
          110,
          61,
          49,
          34,
          44,
          10,
          32,
          32,
          34,
          98,
          97,
          99,
          107,
          103,
          114,
          111,
          117,
          110,
          100,
          95,
          99,
          111,
          108,
          111,
          114,
          34,
          58,
          32,
          34,
          35,
          102,
          102,
          102,
          34,
          44,
          10,
          32,
          32,
          34,
          116,
          104,
          101,
          109,
          101,
          95,
          99,
          111,
          108,
          111,
          114,
          34,
          58,
          32,
          34,
          35,
          102,
          102,
          102,
          34,
          44,
          10,
          32,
          32,
          34,
          105,
          99,
          111,
          110,
          115,
          34,
          58,
          32,
          91,
          10,
          32,
          32,
          32,
          32,
          123,
          10,
          32,
          32,
          32,
          32,
          32,
          32,
          34,
          115,
          114,
          99,
          34,
          58,
          32,
          34,
          47,
          97,
          110,
          100,
          114,
          111,
          105,
          100,
          45,
          99,
          104,
          114,
          111,
          109,
          101,
          45,
          51,
          54,
          120,
          51,
          54,
          46,
          112,
          110,
          103,
          34,
          44,
          10,
          32,
          32,
          32,
          32,
          32,
          32,
          34,
          115,
          105,
          122,
          101,
          115,
          34,
          58,
          32,
          34,
          51,
          54,
          120,
          51,
          54,
          34,
          44,
          10,
          32,
          32,
          32,
          32,
          32,
          32,
          34,
          116,
          121,
          112,
          101,
          34,
          58,
          32,
          34,
          105,
          109,
          97,
          103,
          101,
          47,
          112,
          110,
          103,
          34,
          44,
          10,
          32,
          32,
          32,
          32,
          32,
          32,
          34,
          112,
          117,
          114,
          112,
          111,
          115,
          101,
          34,
          58,
          32,
          34,
          97,
          110,
          121,
          34,
          10,
          32,
          32,
          32,
          32,
          125,
          44,
          10,
          32,
          32,
          32,
          32,
          123,
          10,
          32,
          32,
          32,
          32,
          32,
          32,
          34,
          115,
          114,
          99,
          34,
          58,
          32,
          34,
          47,
          97,
          110,
          100,
          114,
          111,
          105,
          100,
          45,
          99,
          104,
          114,
          111,
          109,
          101,
          45,
          52,
          56,
          120,
          52,
          56,
          46,
          112,
          110,
          103,
          34,
          44,
          10,
          32,
          32,
          32,
          32,
          32,
          32,
          34,
          115,
          105,
          122,
          101,
          115,
          34,
          58,
          32,
          34,
          52,
          56,
          120,
          52,
          56,
          34,
          44,
          10,
          32,
          32,
          32,
          32,
          32,
          32,
          34,
          116,
          121,
          112,
          101,
          34,
          58,
          32,
          34,
          105,
          109,
          97,
          103,
          101,
          47,
          112,
          110,
          103,
          34,
          44,
          10,
          32,
          32,
          32,
          32,
          32,
          32,
          34,
          112,
          117,
          114,
          112,
          111,
          115,
          101,
          34,
          58,
          32,
          34,
          97,
          110,
          121,
          34,
          10,
          32,
          32,
          32,
          32,
          125,
          44,
          10,
          32,
          32,
          32,
          32,
          123,
          10,
          32,
          32,
          32,
          32,
          32,
          32,
          34,
          115,
          114,
          99,
          34,
          58,
          32,
          34,
          47,
          97,
          110,
          100,
          114,
          111,
          105,
          100,
          45,
          99,
          104,
          114,
          111,
          109,
          101,
          45,
          55,
          50,
          120,
          55,
          50,
          46,
          112,
          110,
          103,
          34,
          44,
          10,
          32,
          32,
          32,
          32,
          32,
          32,
          34,
          115,
          105,
          122,
          101,
          115,
          34,
          58,
          32,
          34,
          55,
          50,
          120,
          55,
          50,
          34,
          44,
          10,
          32,
          32,
          32,
          32,
          32,
          32,
          34,
          116,
          121,
          112,
          101,
          34,
          58,
          32,
          34,
          105,
          109,
          97,
          103,
          101,
          47,
          112,
          110,
          103,
          34,
          44,
          10,
          32,
          32,
          32,
          32,
          32,
          32,
          34,
          112,
          117,
          114,
          112,
          111,
          115,
          101,
          34,
          58,
          32,
          34,
          97,
          110,
          121,
          34,
          10,
          32,
          32,
          32,
          32,
          125,
          44,
          10,
          32,
          32,
          32,
          32,
          123,
          10,
          32,
          32,
          32,
          32,
          32,
          32,
          34,
          115,
          114,
          99,
          34,
          58,
          32,
          34,
          47,
          97,
          110,
          100,
          114,
          111,
          105,
          100,
          45,
          99,
          104,
          114,
          111,
          109,
          101,
          45,
          57,
          54,
          120,
          57,
          54,
          46,
          112,
          110,
          103,
          34,
          44,
          10,
          32,
          32,
          32,
          32,
          32,
          32,
          34,
          115,
          105,
          122,
          101,
          115,
          34,
          58,
          32,
          34,
          57,
          54,
          120,
          57,
          54,
          34,
          44,
          10,
          32,
          32,
          32,
          32,
          32,
          32,
          34,
          116,
          121,
          112,
          101,
          34,
          58,
          32,
          34,
          105,
          109,
          97,
          103,
          101,
          47,
          112,
          110,
          103,
          34,
          44,
          10,
          32,
          32,
          32,
          32,
          32,
          32,
          34,
          112,
          117,
          114,
          112,
          111,
          115,
          101,
          34,
          58,
          32,
          34,
          97,
          110,
          121,
          34,
          10,
          32,
          32,
          32,
          32,
          125,
          44,
          10,
          32,
          32,
          32,
          32,
          123,
          10,
          32,
          32,
          32,
          32,
          32,
          32,
          34,
          115,
          114,
          99,
          34,
          58,
          32,
          34,
          47,
          97,
          110,
          100,
          114,
          111,
          105,
          100,
          45,
          99,
          104,
          114,
          111,
          109,
          101,
          45,
          49,
          52,
          52,
          120,
          49,
          52,
          52,
          46,
          112,
          110,
          103,
          34,
          44,
          10,
          32,
          32,
          32,
          32,
          32,
          32,
          34,
          115,
          105,
          122,
          101,
          115,
          34,
          58,
          32,
          34,
          49,
          52,
          52,
          120,
          49,
          52,
          52,
          34,
          44,
          10,
          32,
          32,
          32,
          32,
          32,
          32,
          34,
          116,
          121,
          112,
          101,
          34,
          58,
          32,
          34,
          105,
          109,
          97,
          103,
          101,
          47,
          112,
          110,
          103,
          34,
          44,
          10,
          32,
          32,
          32,
          32,
          32,
          32,
          34,
          112,
          117,
          114,
          112,
          111,
          115,
          101,
          34,
          58,
          32,
          34,
          97,
          110,
          121,
          34,
          10,
          32,
          32,
          32,
          32,
          125,
          44,
          10,
          32,
          32,
          32,
          32,
          123,
          10,
          32,
          32,
          32,
          32,
          32,
          32,
          34,
          115,
          114,
          99,
          34,
          58,
          32,
          34,
          47,
          97,
          110,
          100,
          114,
          111,
          105,
          100,
          45,
          99,
          104,
          114,
          111,
          109,
          101,
          45,
          49,
          57,
          50,
          120,
          49,
          57,
          50,
          46,
          112,
          110,
          103,
          34,
          44,
          10,
          32,
          32,
          32,
          32,
          32,
          32,
          34,
          115,
          105,
          122,
          101,
          115,
          34,
          58,
          32,
          34,
          49,
          57,
          50,
          120,
          49,
          57,
          50,
          34,
          44,
          10,
          32,
          32,
          32,
          32,
          32,
          32,
          34,
          116,
          121,
          112,
          101,
          34,
          58,
          32,
          34,
          105,
          109,
          97,
          103,
          101,
          47,
          112,
          110,
          103,
          34,
          44,
          10,
          32,
          32,
          32,
          32,
          32,
          32,
          34,
          112,
          117,
          114,
          112,
          111,
          115,
          101,
          34,
          58,
          32,
          34,
          97,
          110,
          121,
          34,
          10,
          32,
          32,
          32,
          32,
          125,
          44,
          10,
          32,
          32,
          32,
          32,
          123,
          10,
          32,
          32,
          32,
          32,
          32,
          32,
          34,
          115,
          114,
          99,
          34,
          58,
          32,
          34,
          47,
          97,
          110,
          100,
          114,
          111,
          105,
          100,
          45,
          99,
          104,
          114,
          111,
          109,
          101,
          45,
          50,
          53,
          54,
          120,
          50,
          53,
          54,
          46,
          112,
          110,
          103,
          34,
          44,
          10,
          32,
          32,
          32,
          32,
          32,
          32,
          34,
          115,
          105,
          122,
          101,
          115,
          34,
          58,
          32,
          34,
          50,
          53,
          54,
          120,
          50,
          53,
          54,
          34,
          44,
          10,
          32,
          32,
          32,
          32,
          32,
          32,
          34,
          116,
          121,
          112,
          101,
          34,
          58,
          32,
          34,
          105,
          109,
          97,
          103,
          101,
          47,
          112,
          110,
          103,
          34,
          44,
          10,
          32,
          32,
          32,
          32,
          32,
          32,
          34,
          112,
          117,
          114,
          112,
          111,
          115,
          101,
          34,
          58,
          32,
          34,
          97,
          110,
          121,
          34,
          10,
          32,
          32,
          32,
          32,
          125,
          44,
          10,
          32,
          32,
          32,
          32,
          123,
          10,
          32,
          32,
          32,
          32,
          32,
          32,
          34,
          115,
          114,
          99,
          34,
          58,
          32,
          34,
          47,
          97,
          110,
          100,
          114,
          111,
          105,
          100,
          45,
          99,
          104,
          114,
          111,
          109,
          101,
          45,
          51,
          56,
          52,
          120,
          51,
          56,
          52,
          46,
          112,
          110,
          103,
          34,
          44,
          10,
          32,
          32,
          32,
          32,
          32,
          32,
          34,
          115,
          105,
          122,
          101,
          115,
          34,
          58,
          32,
          34,
          51,
          56,
          52,
          120,
          51,
          56,
          52,
          34,
          44,
          10,
          32,
          32,
          32,
          32,
          32,
          32,
          34,
          116,
          121,
          112,
          101,
          34,
          58,
          32,
          34,
          105,
          109,
          97,
          103,
          101,
          47,
          112,
          110,
          103,
          34,
          44,
          10,
          32,
          32,
          32,
          32,
          32,
          32,
          34,
          112,
          117,
          114,
          112,
          111,
          115,
          101,
          34,
          58,
          32,
          34,
          97,
          110,
          121,
          34,
          10,
          32,
          32,
          32,
          32,
          125,
          44,
          10,
          32,
          32,
          32,
          32,
          123,
          10,
          32,
          32,
          32,
          32,
          32,
          32,
          34,
          115,
          114,
          99,
          34,
          58,
          32,
          34,
          47,
          97,
          110,
          100,
          114,
          111,
          105,
          100,
          45,
          99,
          104,
          114,
          111,
          109,
          101,
          45,
          53,
          49,
          50,
          120,
          53,
          49,
          50,
          46,
          112,
          110,
          103,
          34,
          44,
          10,
          32,
          32,
          32,
          32,
          32,
          32,
          34,
          115,
          105,
          122,
          101,
          115,
          34,
          58,
          32,
          34,
          53,
          49,
          50,
          120,
          53,
          49,
          50,
          34,
          44,
          10,
          32,
          32,
          32,
          32,
          32,
          32,
          34,
          116,
          121,
          112,
          101,
          34,
          58,
          32,
          34,
          105,
          109,
          97,
          103,
          101,
          47,
          112,
          110,
          103,
          34,
          44,
          10,
          32,
          32,
          32,
          32,
          32,
          32,
          34,
          112,
          117,
          114,
          112,
          111,
          115,
          101,
          34,
          58,
          32,
          34,
          97,
          110,
          121,
          34,
          10,
          32,
          32,
          32,
          32,
          125,
          10,
          32,
          32,
          93,
          10,
          125,
        ],
        "type": "Buffer",
      },
      "name": "manifest.json",
    },
    Object {
      "contents": Object {
        "data": Array [
          123,
          10,
          32,
          32,
          34,
          118,
          101,
          114,
          115,
          105,
          111,
          110,
          34,
          58,
          32,
          34,
          49,
          46,
          48,
          34,
          44,
          10,
          32,
          32,
          34,
          110,
          97,
          109,
          101,
          34,
          58,
          32,
          110,
          117,
          108,
          108,
          44,
          10,
          32,
          32,
          34,
          100,
          101,
          115,
          99,
          114,
          105,
          112,
          116,
          105,
          111,
          110,
          34,
          58,
          32,
          110,
          117,
          108,
          108,
          44,
          10,
          32,
          32,
          34,
          105,
          99,
          111,
          110,
          115,
          34,
          58,
          32,
          123,
          10,
          32,
          32,
          32,
          32,
          34,
          54,
          48,
          34,
          58,
          32,
          34,
          47,
          102,
          105,
          114,
          101,
          102,
          111,
          120,
          95,
          97,
          112,
          112,
          95,
          54,
          48,
          120,
          54,
          48,
          46,
          112,
          110,
          103,
          34,
          44,
          10,
          32,
          32,
          32,
          32,
          34,
          49,
          50,
          56,
          34,
          58,
          32,
          34,
          47,
          102,
          105,
          114,
          101,
          102,
          111,
          120,
          95,
          97,
          112,
          112,
          95,
          49,
          50,
          56,
          120,
          49,
          50,
          56,
          46,
          112,
          110,
          103,
          34,
          44,
          10,
          32,
          32,
          32,
          32,
          34,
          53,
          49,
          50,
          34,
          58,
          32,
          34,
          47,
          102,
          105,
          114,
          101,
          102,
          111,
          120,
          95,
          97,
          112,
          112,
          95,
          53,
          49,
          50,
          120,
          53,
          49,
          50,
          46,
          112,
          110,
          103,
          34,
          10,
          32,
          32,
          125,
          44,
          10,
          32,
          32,
          34,
          100,
          101,
          118,
          101,
          108,
          111,
          112,
          101,
          114,
          34,
          58,
          32,
          123,
          10,
          32,
          32,
          32,
          32,
          34,
          110,
          97,
          109,
          101,
          34,
          58,
          32,
          110,
          117,
          108,
          108,
          44,
          10,
          32,
          32,
          32,
          32,
          34,
          117,
          114,
          108,
          34,
          58,
          32,
          110,
          117,
          108,
          108,
          10,
          32,
          32,
          125,
          10,
          125,
        ],
        "type": "Buffer",
      },
      "name": "manifest.webapp",
    },
    Object {
      "contents": Object {
        "data": Array [
          60,
          63,
          120,
          109,
          108,
          32,
          118,
          101,
          114,
          115,
          105,
          111,
          110,
          61,
          34,
          49,
          46,
          48,
          34,
          32,
          101,
          110,
          99,
          111,
          100,
          105,
          110,
          103,
          61,
          34,
          117,
          116,
          102,
          45,
          56,
          34,
          63,
          62,
          10,
          60,
          98,
          114,
          111,
          119,
          115,
          101,
          114,
          99,
          111,
          110,
          102,
          105,
          103,
          62,
          10,
          32,
          32,
          60,
          109,
          115,
          97,
          112,
          112,
          108,
          105,
          99,
          97,
          116,
          105,
          111,
          110,
          62,
          10,
          32,
          32,
          32,
          32,
          60,
          116,
          105,
          108,
          101,
          62,
          10,
          32,
          32,
          32,
          32,
          32,
          32,
          60,
          115,
          113,
          117,
          97,
          114,
          101,
          55,
          48,
          120,
          55,
          48,
          108,
          111,
          103,
          111,
          32,
          115,
          114,
          99,
          61,
          34,
          47,
          109,
          115,
          116,
          105,
          108,
          101,
          45,
          55,
          48,
          120,
          55,
          48,
          46,
          112,
          110,
          103,
          34,
          47,
          62,
          10,
          32,
          32,
          32,
          32,
          32,
          32,
          60,
          115,
          113,
          117,
          97,
          114,
          101,
          49,
          53,
          48,
          120,
          49,
          53,
          48,
          108,
          111,
          103,
          111,
          32,
          115,
          114,
          99,
          61,
          34,
          47,
          109,
          115,
          116,
          105,
          108,
          101,
          45,
          49,
          53,
          48,
          120,
          49,
          53,
          48,
          46,
          112,
          110,
          103,
          34,
          47,
          62,
          10,
          32,
          32,
          32,
          32,
          32,
          32,
          60,
          119,
          105,
          100,
          101,
          51,
          49,
          48,
          120,
          49,
          53,
          48,
          108,
          111,
          103,
          111,
          32,
          115,
          114,
          99,
          61,
          34,
          47,
          109,
          115,
          116,
          105,
          108,
          101,
          45,
          51,
          49,
          48,
          120,
          49,
          53,
          48,
          46,
          112,
          110,
          103,
          34,
          47,
          62,
          10,
          32,
          32,
          32,
          32,
          32,
          32,
          60,
          115,
          113,
          117,
          97,
          114,
          101,
          51,
          49,
          48,
          120,
          51,
          49,
          48,
          108,
          111,
          103,
          111,
          32,
          115,
          114,
          99,
          61,
          34,
          47,
          109,
          115,
          116,
          105,
          108,
          101,
          45,
          51,
          49,
          48,
          120,
          51,
          49,
          48,
          46,
          112,
          110,
          103,
          34,
          47,
          62,
          10,
          32,
          32,
          32,
          32,
          32,
          32,
          60,
          84,
          105,
          108,
          101,
          67,
          111,
          108,
          111,
          114,
          62,
          35,
          102,
          102,
          102,
          60,
          47,
          84,
          105,
          108,
          101,
          67,
          111,
          108,
          111,
          114,
          62,
          10,
          32,
          32,
          32,
          32,
          60,
          47,
          116,
          105,
          108,
          101,
          62,
          10,
          32,
          32,
          60,
          47,
          109,
          115,
          97,
          112,
          112,
          108,
          105,
          99,
          97,
          116,
          105,
          111,
          110,
          62,
          10,
          60,
          47,
          98,
          114,
          111,
          119,
          115,
          101,
          114,
          99,
          111,
          110,
          102,
          105,
          103,
          62,
        ],
        "type": "Buffer",
      },
      "name": "browserconfig.xml",
    },
    Object {
      "contents": Object {
        "data": Array [
          123,
          10,
          32,
          32,
          34,
          118,
          101,
          114,
          115,
          105,
          111,
          110,
          34,
          58,
          32,
          34,
          49,
          46,
          48,
          34,
          44,
          10,
          32,
          32,
          34,
          97,
          112,
          105,
          95,
          118,
          101,
          114,
          115,
          105,
          111,
          110,
          34,
          58,
          32,
          49,
          44,
          10,
          32,
          32,
          34,
          108,
          97,
          121,
          111,
          117,
          116,
          34,
          58,
          32,
          123,
          10,
          32,
          32,
          32,
          32,
          34,
          108,
          111,
          103,
          111,
          34,
          58,
          32,
          34,
          47,
          121,
          97,
          110,
          100,
          101,
          120,
          45,
          98,
          114,
          111,
          119,
          115,
          101,
          114,
          45,
          53,
          48,
          120,
          53,
          48,
          46,
          112,
          110,
          103,
          34,
          44,
          10,
          32,
          32,
          32,
          32,
          34,
          99,
          111,
          108,
          111,
          114,
          34,
          58,
          32,
          34,
          35,
          102,
          102,
          102,
          34,
          44,
          10,
          32,
          32,
          32,
          32,
          34,
          115,
          104,
          111,
          119,
          95,
          116,
          105,
          116,
          108,
          101,
          34,
          58,
          32,
          116,
          114,
          117,
          101,
          10,
          32,
          32,
          125,
          10,
          125,
        ],
        "type": "Buffer",
      },
      "name": "yandex-browser-manifest.json",
    },
  ],
  "images": Array [
    Object {
      "contents": null,
      "name": "favicon.ico",
    },
    Object {
      "contents": null,
      "name": "favicon-16x16.png",
    },
    Object {
      "contents": null,
      "name": "favicon-32x32.png",
    },
    Object {
      "contents": null,
      "name": "favicon-48x48.png",
    },
    Object {
      "contents": null,
      "name": "android-chrome-36x36.png",
    },
    Object {
      "contents": null,
      "name": "android-chrome-48x48.png",
    },
    Object {
      "contents": null,
      "name": "android-chrome-72x72.png",
    },
    Object {
      "contents": null,
      "name": "android-chrome-96x96.png",
    },
    Object {
      "contents": null,
      "name": "android-chrome-144x144.png",
    },
    Object {
      "contents": null,
      "name": "android-chrome-192x192.png",
    },
    Object {
      "contents": null,
      "name": "android-chrome-256x256.png",
    },
    Object {
      "contents": null,
      "name": "android-chrome-384x384.png",
    },
    Object {
      "contents": null,
      "name": "android-chrome-512x512.png",
    },
    Object {
      "contents": null,
      "name": "apple-touch-icon-57x57.png",
    },
    Object {
      "contents": null,
      "name": "apple-touch-icon-60x60.png",
    },
    Object {
      "contents": null,
      "name": "apple-touch-icon-72x72.png",
    },
    Object {
      "contents": null,
      "name": "apple-touch-icon-76x76.png",
    },
    Object {
      "contents": null,
      "name": "apple-touch-icon-114x114.png",
    },
    Object {
      "contents": null,
      "name": "apple-touch-icon-120x120.png",
    },
    Object {
      "contents": null,
      "name": "apple-touch-icon-144x144.png",
    },
    Object {
      "contents": null,
      "name": "apple-touch-icon-152x152.png",
    },
    Object {
      "contents": null,
      "name": "apple-touch-icon-167x167.png",
    },
    Object {
      "contents": null,
      "name": "apple-touch-icon-180x180.png",
    },
    Object {
      "contents": null,
      "name": "apple-touch-icon-1024x1024.png",
    },
    Object {
      "contents": null,
      "name": "apple-touch-icon.png",
    },
    Object {
      "contents": null,
      "name": "apple-touch-icon-precomposed.png",
    },
    Object {
      "contents": null,
      "name": "apple-touch-startup-image-640x1136.png",
    },
    Object {
      "contents": null,
      "name": "apple-touch-startup-image-750x1334.png",
    },
    Object {
      "contents": null,
      "name": "apple-touch-startup-image-828x1792.png",
    },
    Object {
      "contents": null,
      "name": "apple-touch-startup-image-1125x2436.png",
    },
    Object {
      "contents": null,
      "name": "apple-touch-startup-image-1242x2208.png",
    },
    Object {
      "contents": null,
      "name": "apple-touch-startup-image-1242x2688.png",
    },
    Object {
      "contents": null,
      "name": "apple-touch-startup-image-1536x2048.png",
    },
    Object {
      "contents": null,
      "name": "apple-touch-startup-image-1668x2224.png",
    },
    Object {
      "contents": null,
      "name": "apple-touch-startup-image-1668x2388.png",
    },
    Object {
      "contents": null,
      "name": "apple-touch-startup-image-2048x2732.png",
    },
    Object {
      "contents": null,
      "name": "apple-touch-startup-image-1136x640.png",
    },
    Object {
      "contents": null,
      "name": "apple-touch-startup-image-2160x1620.png",
    },
    Object {
      "contents": null,
      "name": "apple-touch-startup-image-1620x2160.png",
    },
    Object {
      "contents": null,
      "name": "apple-touch-startup-image-1334x750.png",
    },
    Object {
      "contents": null,
      "name": "apple-touch-startup-image-1792x828.png",
    },
    Object {
      "contents": null,
      "name": "apple-touch-startup-image-2436x1125.png",
    },
    Object {
      "contents": null,
      "name": "apple-touch-startup-image-2208x1242.png",
    },
    Object {
      "contents": null,
      "name": "apple-touch-startup-image-2688x1242.png",
    },
    Object {
      "contents": null,
      "name": "apple-touch-startup-image-2048x1536.png",
    },
    Object {
      "contents": null,
      "name": "apple-touch-startup-image-2224x1668.png",
    },
    Object {
      "contents": null,
      "name": "apple-touch-startup-image-2388x1668.png",
    },
    Object {
      "contents": null,
      "name": "apple-touch-startup-image-2732x2048.png",
    },
    Object {
      "contents": null,
      "name": "coast-228x228.png",
    },
    Object {
      "contents": null,
      "name": "firefox_app_60x60.png",
    },
    Object {
      "contents": null,
      "name": "firefox_app_128x128.png",
    },
    Object {
      "contents": null,
      "name": "firefox_app_512x512.png",
    },
    Object {
      "contents": null,
      "name": "mstile-70x70.png",
    },
    Object {
      "contents": null,
      "name": "mstile-144x144.png",
    },
    Object {
      "contents": null,
      "name": "mstile-150x150.png",
    },
    Object {
      "contents": null,
      "name": "mstile-310x150.png",
    },
    Object {
      "contents": null,
      "name": "mstile-310x310.png",
    },
    Object {
      "contents": null,
      "name": "yandex-browser-50x50.png",
    },
  ],
  "index.html": Array [
    "<link rel=\\"shortcut icon\\" href=\\"/favicon.ico\\">",
    "<link rel=\\"icon\\" type=\\"image/png\\" sizes=\\"16x16\\" href=\\"/favicon-16x16.png\\">",
    "<link rel=\\"icon\\" type=\\"image/png\\" sizes=\\"32x32\\" href=\\"/favicon-32x32.png\\">",
    "<link rel=\\"icon\\" type=\\"image/png\\" sizes=\\"48x48\\" href=\\"/favicon-48x48.png\\">",
    "<link rel=\\"manifest\\" href=\\"/manifest.json\\">",
    "<meta name=\\"mobile-web-app-capable\\" content=\\"yes\\">",
    "<meta name=\\"theme-color\\" content=\\"#fff\\">",
    "<meta name=\\"application-name\\">",
    "<link rel=\\"apple-touch-icon\\" sizes=\\"57x57\\" href=\\"/apple-touch-icon-57x57.png\\">",
    "<link rel=\\"apple-touch-icon\\" sizes=\\"60x60\\" href=\\"/apple-touch-icon-60x60.png\\">",
    "<link rel=\\"apple-touch-icon\\" sizes=\\"72x72\\" href=\\"/apple-touch-icon-72x72.png\\">",
    "<link rel=\\"apple-touch-icon\\" sizes=\\"76x76\\" href=\\"/apple-touch-icon-76x76.png\\">",
    "<link rel=\\"apple-touch-icon\\" sizes=\\"114x114\\" href=\\"/apple-touch-icon-114x114.png\\">",
    "<link rel=\\"apple-touch-icon\\" sizes=\\"120x120\\" href=\\"/apple-touch-icon-120x120.png\\">",
    "<link rel=\\"apple-touch-icon\\" sizes=\\"144x144\\" href=\\"/apple-touch-icon-144x144.png\\">",
    "<link rel=\\"apple-touch-icon\\" sizes=\\"152x152\\" href=\\"/apple-touch-icon-152x152.png\\">",
    "<link rel=\\"apple-touch-icon\\" sizes=\\"167x167\\" href=\\"/apple-touch-icon-167x167.png\\">",
    "<link rel=\\"apple-touch-icon\\" sizes=\\"180x180\\" href=\\"/apple-touch-icon-180x180.png\\">",
    "<link rel=\\"apple-touch-icon\\" sizes=\\"1024x1024\\" href=\\"/apple-touch-icon-1024x1024.png\\">",
    "<meta name=\\"apple-mobile-web-app-capable\\" content=\\"yes\\">",
    "<meta name=\\"apple-mobile-web-app-status-bar-style\\" content=\\"black-translucent\\">",
    "<meta name=\\"apple-mobile-web-app-title\\">",
    "<link rel=\\"apple-touch-startup-image\\" media=\\"(device-width: 320px) and (device-height: 568px) and (-webkit-device-pixel-ratio: 2) and (orientation: portrait)\\" href=\\"/apple-touch-startup-image-640x1136.png\\">",
    "<link rel=\\"apple-touch-startup-image\\" media=\\"(device-width: 375px) and (device-height: 667px) and (-webkit-device-pixel-ratio: 2) and (orientation: portrait)\\" href=\\"/apple-touch-startup-image-750x1334.png\\">",
    "<link rel=\\"apple-touch-startup-image\\" media=\\"(device-width: 414px) and (device-height: 896px) and (-webkit-device-pixel-ratio: 2) and (orientation: portrait)\\" href=\\"/apple-touch-startup-image-828x1792.png\\">",
    "<link rel=\\"apple-touch-startup-image\\" media=\\"(device-width: 375px) and (device-height: 812px) and (-webkit-device-pixel-ratio: 3) and (orientation: portrait)\\" href=\\"/apple-touch-startup-image-1125x2436.png\\">",
    "<link rel=\\"apple-touch-startup-image\\" media=\\"(device-width: 414px) and (device-height: 736px) and (-webkit-device-pixel-ratio: 3) and (orientation: portrait)\\" href=\\"/apple-touch-startup-image-1242x2208.png\\">",
    "<link rel=\\"apple-touch-startup-image\\" media=\\"(device-width: 414px) and (device-height: 896px) and (-webkit-device-pixel-ratio: 3) and (orientation: portrait)\\" href=\\"/apple-touch-startup-image-1242x2688.png\\">",
    "<link rel=\\"apple-touch-startup-image\\" media=\\"(device-width: 768px) and (device-height: 1024px) and (-webkit-device-pixel-ratio: 2) and (orientation: portrait)\\" href=\\"/apple-touch-startup-image-1536x2048.png\\">",
    "<link rel=\\"apple-touch-startup-image\\" media=\\"(device-width: 834px) and (device-height: 1112px) and (-webkit-device-pixel-ratio: 2) and (orientation: portrait)\\" href=\\"/apple-touch-startup-image-1668x2224.png\\">",
    "<link rel=\\"apple-touch-startup-image\\" media=\\"(device-width: 834px) and (device-height: 1194px) and (-webkit-device-pixel-ratio: 2) and (orientation: portrait)\\" href=\\"/apple-touch-startup-image-1668x2388.png\\">",
    "<link rel=\\"apple-touch-startup-image\\" media=\\"(device-width: 1024px) and (device-height: 1366px) and (-webkit-device-pixel-ratio: 2) and (orientation: portrait)\\" href=\\"/apple-touch-startup-image-2048x2732.png\\">",
    "<link rel=\\"apple-touch-startup-image\\" media=\\"(device-width: 810px) and (device-height: 1080px) and (-webkit-device-pixel-ratio: 2) and (orientation: portrait)\\" href=\\"/apple-touch-startup-image-1620x2160.png\\">",
    "<link rel=\\"apple-touch-startup-image\\" media=\\"(device-width: 320px) and (device-height: 568px) and (-webkit-device-pixel-ratio: 2) and (orientation: landscape)\\" href=\\"/apple-touch-startup-image-1136x640.png\\">",
    "<link rel=\\"apple-touch-startup-image\\" media=\\"(device-width: 375px) and (device-height: 667px) and (-webkit-device-pixel-ratio: 2) and (orientation: landscape)\\" href=\\"/apple-touch-startup-image-1334x750.png\\">",
    "<link rel=\\"apple-touch-startup-image\\" media=\\"(device-width: 414px) and (device-height: 896px) and (-webkit-device-pixel-ratio: 2) and (orientation: landscape)\\" href=\\"/apple-touch-startup-image-1792x828.png\\">",
    "<link rel=\\"apple-touch-startup-image\\" media=\\"(device-width: 375px) and (device-height: 812px) and (-webkit-device-pixel-ratio: 3) and (orientation: landscape)\\" href=\\"/apple-touch-startup-image-2436x1125.png\\">",
    "<link rel=\\"apple-touch-startup-image\\" media=\\"(device-width: 414px) and (device-height: 736px) and (-webkit-device-pixel-ratio: 3) and (orientation: landscape)\\" href=\\"/apple-touch-startup-image-2208x1242.png\\">",
    "<link rel=\\"apple-touch-startup-image\\" media=\\"(device-width: 414px) and (device-height: 896px) and (-webkit-device-pixel-ratio: 3) and (orientation: landscape)\\" href=\\"/apple-touch-startup-image-2688x1242.png\\">",
    "<link rel=\\"apple-touch-startup-image\\" media=\\"(device-width: 768px) and (device-height: 1024px) and (-webkit-device-pixel-ratio: 2) and (orientation: landscape)\\" href=\\"/apple-touch-startup-image-2048x1536.png\\">",
    "<link rel=\\"apple-touch-startup-image\\" media=\\"(device-width: 834px) and (device-height: 1112px) and (-webkit-device-pixel-ratio: 2) and (orientation: landscape)\\" href=\\"/apple-touch-startup-image-2224x1668.png\\">",
    "<link rel=\\"apple-touch-startup-image\\" media=\\"(device-width: 834px) and (device-height: 1194px) and (-webkit-device-pixel-ratio: 2) and (orientation: landscape)\\" href=\\"/apple-touch-startup-image-2388x1668.png\\">",
    "<link rel=\\"apple-touch-startup-image\\" media=\\"(device-width: 1024px) and (device-height: 1366px) and (-webkit-device-pixel-ratio: 2) and (orientation: landscape)\\" href=\\"/apple-touch-startup-image-2732x2048.png\\">",
    "<link rel=\\"apple-touch-startup-image\\" media=\\"(device-width: 810px) and (device-height: 1080px) and (-webkit-device-pixel-ratio: 2) and (orientation: landscape)\\" href=\\"/apple-touch-startup-image-2160x1620.png\\">",
    "<link rel=\\"icon\\" type=\\"image/png\\" sizes=\\"228x228\\" href=\\"/coast-228x228.png\\">",
    "<meta name=\\"msapplication-TileColor\\" content=\\"#fff\\">",
    "<meta name=\\"msapplication-TileImage\\" content=\\"/mstile-144x144.png\\">",
    "<meta name=\\"msapplication-config\\" content=\\"/browserconfig.xml\\">",
    "<link rel=\\"yandex-tableau-widget\\" href=\\"/yandex-browser-manifest.json\\">",
  ],
}
`;
