// Jest Snapshot v1, https://goo.gl/fbAQLP

exports[`should scale the SVG image properly 2`] = `
{
  "files": [],
  "html": [
    "<link rel="apple-touch-icon" sizes="57x57" href="/apple-touch-icon-57x57.png">",
    "<link rel="apple-touch-icon" sizes="60x60" href="/apple-touch-icon-60x60.png">",
    "<link rel="apple-touch-icon" sizes="72x72" href="/apple-touch-icon-72x72.png">",
    "<link rel="apple-touch-icon" sizes="76x76" href="/apple-touch-icon-76x76.png">",
    "<link rel="apple-touch-icon" sizes="114x114" href="/apple-touch-icon-114x114.png">",
    "<link rel="apple-touch-icon" sizes="120x120" href="/apple-touch-icon-120x120.png">",
    "<link rel="apple-touch-icon" sizes="144x144" href="/apple-touch-icon-144x144.png">",
    "<link rel="apple-touch-icon" sizes="152x152" href="/apple-touch-icon-152x152.png">",
    "<link rel="apple-touch-icon" sizes="167x167" href="/apple-touch-icon-167x167.png">",
    "<link rel="apple-touch-icon" sizes="180x180" href="/apple-touch-icon-180x180.png">",
    "<link rel="apple-touch-icon" sizes="1024x1024" href="/apple-touch-icon-1024x1024.png">",
    "<meta name="apple-mobile-web-app-capable" content="yes">",
    "<meta name="apple-mobile-web-app-status-bar-style" content="black-translucent">",
    "<meta name="apple-mobile-web-app-title">",
  ],
  "htmlTags": [
    {
      "attrs": {
        "href": "/apple-touch-icon-57x57.png",
        "rel": "apple-touch-icon",
        "sizes": "57x57",
      },
      "tag": "link",
    },
    {
      "attrs": {
        "href": "/apple-touch-icon-60x60.png",
        "rel": "apple-touch-icon",
        "sizes": "60x60",
      },
      "tag": "link",
    },
    {
      "attrs": {
        "href": "/apple-touch-icon-72x72.png",
        "rel": "apple-touch-icon",
        "sizes": "72x72",
      },
      "tag": "link",
    },
    {
      "attrs": {
        "href": "/apple-touch-icon-76x76.png",
        "rel": "apple-touch-icon",
        "sizes": "76x76",
      },
      "tag": "link",
    },
    {
      "attrs": {
        "href": "/apple-touch-icon-114x114.png",
        "rel": "apple-touch-icon",
        "sizes": "114x114",
      },
      "tag": "link",
    },
    {
      "attrs": {
        "href": "/apple-touch-icon-120x120.png",
        "rel": "apple-touch-icon",
        "sizes": "120x120",
      },
      "tag": "link",
    },
    {
      "attrs": {
        "href": "/apple-touch-icon-144x144.png",
        "rel": "apple-touch-icon",
        "sizes": "144x144",
      },
      "tag": "link",
    },
    {
      "attrs": {
        "href": "/apple-touch-icon-152x152.png",
        "rel": "apple-touch-icon",
        "sizes": "152x152",
      },
      "tag": "link",
    },
    {
      "attrs": {
        "href": "/apple-touch-icon-167x167.png",
        "rel": "apple-touch-icon",
        "sizes": "167x167",
      },
      "tag": "link",
    },
    {
      "attrs": {
        "href": "/apple-touch-icon-180x180.png",
        "rel": "apple-touch-icon",
        "sizes": "180x180",
      },
      "tag": "link",
    },
    {
      "attrs": {
        "href": "/apple-touch-icon-1024x1024.png",
        "rel": "apple-touch-icon",
        "sizes": "1024x1024",
      },
      "tag": "link",
    },
    {
      "attrs": {
        "content": "yes",
        "name": "apple-mobile-web-app-capable",
      },
      "tag": "meta",
    },
    {
      "attrs": {
        "content": "black-translucent",
        "name": "apple-mobile-web-app-status-bar-style",
      },
      "tag": "meta",
    },
    {
      "attrs": {
        "content": false,
        "name": "apple-mobile-web-app-title",
      },
      "tag": "meta",
    },
  ],
  "images": [
    {
      "contents": null,
      "name": "apple-touch-icon-1024x1024.png",
    },
  ],
}
`;
